[noah.moscow/index.html]
[backblue.gif]
[fade.gif]
[index.html]
[noah.moscow/images/office_2.jpg]
[noah.moscow/images/favicon.png]
[mc.yandex.ru/metrika/tag.js]
[noah.moscow/images/ie8-panel/warning_bar_0000_us.jpg]
[noah.moscow/index-2.html]
[noah.moscow/images/logo_black.png]
[noah.moscow/images/logo_brand.png]
[noah.moscow/about-us.html]
[noah.moscow/projects.html]
[noah.moscow/contacts.html]
[noah.moscow/images/bg-image.jpg]
[noah.moscow/images/renovation_all.png]
[noah.moscow/images/design_interior.jpg]
[noah.moscow/images/architecture_house_1.jpg]
[noah.moscow/projects_houses.html]
[noah.moscow/images/cottage.jpg]
[noah.moscow/images/3x_room_apartment_3.jpg]
[noah.moscow/images/1room_apartment_2.jpg]
[noah.moscow/images/2x_room_apartment_1.jpg]
[noah.moscow/images/2x_room_apartment2_5.jpg]
[noah.moscow/images/architecture_house_1_1.jpg]
[noah.moscow/images/architecture_house_2_1.jpg]
[noah.moscow/images/architecture_house_3_4.jpg]
[noah.moscow/images/architecture_house_4_3.jpg]
[noah.moscow/images/architecture_house_7_1.jpg]
[noah.moscow/images/architecture_house_6_2.jpg]
[noah.moscow/images/our_clients_logo_1.png]
[noah.moscow/images/our_clients_logo_2.png]
[noah.moscow/images/our_clients_logo_3.png]
[noah.moscow/images/our_clients_logo_4.png]
[noah.moscow/images/our_clients_logo_5.png]
[noah.moscow/images/our_clients_logo_6.png]
[noah.moscow/images/Photo_director_2.png]
[noah.moscow/images/financial_director_1.png]
[noah.moscow/images/designer_shapo_1.jpg]
[noah.moscow/images/architector_1_1.png]
[noah.moscow/js/core.min.js]
[noah.moscow/js/script.js]
[noah.moscow/index.html]
[fonts.googleapis.com/cssfdad.css]
[noah.moscow/index-2.html]
[noah.moscow/images/logo-default-465x134.png]
[noah.moscow/images/logo-inverse-86x104.png]
[noah.moscow/images/О_нас.jpg]
[noah.moscow/images/team_renovation.jpg]
[noah.moscow/images/our_work.jpg]
[noah.moscow/images/cottage_1.jpg]
[noah.moscow/images/cottage_2.jpg]
[noah.moscow/images/cottage_3.jpg]
[noah.moscow/images/cottage_5.jpg]
[noah.moscow/images/cottage_6.jpg]
[noah.moscow/images/cottage_7.jpg]
[noah.moscow/images/cottage_8.jpg]
[noah.moscow/about-us.html]
[noah.moscow/images/3x_room_apartment_1.jpg]
[noah.moscow/images/3x_room_apartment_2.jpg]
[noah.moscow/images/3x_room_apartment_4.jpg]
[noah.moscow/images/3x_room_apartment_5.jpg]
[noah.moscow/images/3x_room_apartment_6.jpg]
[noah.moscow/images/3x_room_apartment_7.jpg]
[noah.moscow/images/3x_room_apartment_8.jpg]
[noah.moscow/images/3x_room_apartment_9.jpg]
[noah.moscow/images/1room_apartment_1.jpg]
[noah.moscow/images/1room_apartment_4.jpg]
[noah.moscow/images/2x_room_apartment_2.jpg]
[noah.moscow/images/2x_room_apartment_3.jpg]
[noah.moscow/images/2x_room_apartment_4.jpg]
[noah.moscow/images/2x_room_apartment_5.jpg]
[noah.moscow/images/office_1.jpg]
[noah.moscow/images/office_3.jpg]
[noah.moscow/images/office_5.jpg]
[noah.moscow/images/office_4.jpg]
[noah.moscow/images/2x_room_apartment2_1.jpg]
[noah.moscow/images/2x_room_apartment2_6.jpg]
[noah.moscow/projects.html]
[noah.moscow/contacts.html]
[noah.moscow/images/contacts.jpg]
[noah.moscow/images/architecture_house_1_4.jpg]
[noah.moscow/images/architecture_house_1_8.jpg]
[noah.moscow/images/architecture_house_2_2.jpg]
[noah.moscow/images/architecture_house_2_3.jpg]
[noah.moscow/images/architecture_house_3_1.jpg]
[noah.moscow/images/architecture_house_3_2.jpg]
[noah.moscow/images/architecture_house_3_3.jpg]
[noah.moscow/images/architecture_house_3_5.jpg]
[noah.moscow/images/architecture_house_3_6.jpg]
[noah.moscow/images/architecture_house_4_1.jpg]
[noah.moscow/images/architecture_house_4_2.jpg]
[noah.moscow/images/architecture_house_5_1.jpg]
[noah.moscow/images/architecture_house_5_2.jpg]
[noah.moscow/images/architecture_house_5_3.jpg]
[noah.moscow/images/architecture_house_5_4.jpg]
[noah.moscow/images/architecture_house_5_5.jpg]
[noah.moscow/images/architecture_house_5_6.jpg]
[noah.moscow/images/architecture_house_6_1.jpg]
[noah.moscow/images/architecture_house_6_3.jpg]
[noah.moscow/images/designer_interior.png]
[noah.moscow/projects_houses.html]
[mc.yandex.ru/metrika/tag.js]
[noah.moscow/css/bootstrap.css]
[noah.moscow/fonts/fontawesome-webfont3e6e.eot]
[noah.moscow/fonts/fontawesome-webfontd41d.eot]
[noah.moscow/fonts/fontawesome-webfont3e6e.woff2]
[noah.moscow/fonts/fontawesome-webfont3e6e.woff]
[noah.moscow/images/bg-image.jpg]
[noah.moscow/images/renovation_all.png]
[noah.moscow/images/design_interior.jpg]
[noah.moscow/images/cottage.jpg]
[noah.moscow/fonts/fontawesome-webfont.693e6e.delayed]
[noah.moscow/fonts/materialdesignicons-webfont14e6.eot]
[noah.moscow/fonts/materialdesignicons-webfontd41d.eot]
[noah.moscow/fonts/materialdesignicons-webfont14e6.woff2]
[noah.moscow/images/1room_apartment_2.jpg]
[noah.moscow/images/2x_room_apartment2_5.jpg]
[noah.moscow/images/3x_room_apartment_3.jpg]
[noah.moscow/images/architecture_house_2_1.jpg]
[noah.moscow/fonts/materialdesignicons-webfont.6e14e6.delayed]
[noah.moscow/images/architecture_house_7_1.jpg]
[noah.moscow/images/architecture_house_4_3.jpg]
[noah.moscow/images/architecture_house_6_2.jpg]
[noah.moscow/images/Photo_director_2.png]
[noah.moscow/images/financial_director_1.png]
[noah.moscow/images/architector_1_1.png]
[noah.moscow/js/core.min.js]
[noah.moscow/fonts/materialdesignicons-webfont14e6.ttf]
[noah.moscow/images/logo-default-465x134.png]
[noah.moscow/images/О_нас.jpg]
[noah.moscow/images/our_work.jpg]
[noah.moscow/images/cottage_1.jpg]
[noah.moscow/images/cottage_3.jpg]
[noah.moscow/images/cottage_2.jpg]
[noah.moscow/fonts/Linearicons.eot]
[noah.moscow/fonts/Linearicons.woff]
[noah.moscow/images/cottage_5.jpg]
[noah.moscow/images/cottage_6.jpg]
[noah.moscow/images/cottage_7.jpg]
[noah.moscow/fonts/Linearicons.ttf]
[noah.moscow/images/3x_room_apartment_1.jpg]
[noah.moscow/images/3x_room_apartment_2.jpg]
[noah.moscow/images/cottage_8.jpg]
[noah.moscow/fonts/Construction-Regular9f16.eot]
[noah.moscow/images/3x_room_apartment_4.jpg]
[noah.moscow/images/3x_room_apartment_6.jpg]
[noah.moscow/images/3x_room_apartment_7.jpg]
[noah.moscow/images/3x_room_apartment_5.jpg]
[noah.moscow/images/3x_room_apartment_9.jpg]
[noah.moscow/images/1room_apartment_1.jpg]
[noah.moscow/images/3x_room_apartment_8.jpg]
[noah.moscow/fonts/Construction-Regular9f16.woff]
[noah.moscow/images/1room_apartment_4.jpg]
[noah.moscow/images/2x_room_apartment_2.jpg]
[noah.moscow/images/2x_room_apartment_4.jpg]
[noah.moscow/images/2x_room_apartment_3.jpg]
[noah.moscow/images/2x_room_apartment_5.jpg]
[noah.moscow/images/office_1.jpg]
[noah.moscow/images/office_3.jpg]
[noah.moscow/fonts/Construction-Regular9f16.ttf]
[noah.moscow/images/office_5.jpg]
[noah.moscow/images/office_4.jpg]
[noah.moscow/images/2x_room_apartment2_1.jpg]
[noah.moscow/images/2x_room_apartment2_6.jpg]
[noah.moscow/css/fonts.css]
[noah.moscow/images/contacts.jpg]
[noah.moscow/images/architecture_house_1_4.jpg]
[noah.moscow/images/architecture_house_4_1.jpg]
[noah.moscow/css/style.css]
[noah.moscow/images/architecture_house_4_2.jpg]
[noah.moscow/images/architecture_house_5_1.jpg]
[noah.moscow/images/architecture_house_5_2.jpg]
[noah.moscow/images/architecture_house_5_3.jpg]
[noah.moscow/images/architecture_house_5_4.jpg]
[noah.moscow/images/architecture_house_5_5.jpg]
[noah.moscow/images/architecture_house_5_6.jpg]
[noah.moscow/images/architecture_house_6_1.jpg]
[noah.moscow/images/architecture_house_6_3.jpg]
[noah.moscow/fonts/fontawesome-webfont3e6e.ttf]
[noah.moscow/images/designer_interior.png]
[noah.moscow/fonts/fontawesome-webfont3e6e.svg]
[noah.moscow/fonts/materialdesignicons-webfont14e6.svg]
[noah.moscow/fonts/Construction-Regular9f16.svg]
